
> my-next-app@0.1.0 build
> next build

   Γû▓ Next.js 16.0.7 (Turbopack)

   Creating an optimized production build ...
